Microchip MPLAB XC8 Compiler V2.40

Linker command line:

-W-3 \
  --edf=C:/Users/Bryan Ortiz/.mchp_packs/Microchip/PIC16Fxxx_DFP/1.4.149/xc8\pic\dat\20230322214319_en.msgs \
  -cn -h+dist/default/production\LAB3D2.X.production.sym \
  --cmf=dist/default/production\LAB3D2.X.production.cmf -z -Q16F887 \
  -oC:\Users\BRYANO~1\AppData\Local\Temp\xcAsbdc.4 --defsym=__MPLAB_BUILD=1 \
  --fixupoverflow=error -Mdist/default/production/LAB3D2.X.production.map \
  --md=C:\Users\BRYANO~1\AppData\Local\Temp\xcAsbdc.dat -E1 \
  -ver=XC8 Compiler --acfsm=1493 -ACODE=00h-07FFhx4 -ASTRCODE=00h-01FFFh \
  -ASTRING=00h-0FFhx32 -ACONST=00h-0FFhx32 -AENTRY=00h-0FFhx32 \
  -ACOMMON=070h-07Fh -ABANK0=020h-06Fh -ABANK1=0A0h-0EFh \
  -ABANK2=0110h-016Fh -ABANK3=0190h-01EFh \
  -ARAM=020h-06Fh,0A0h-0EFh,0110h-016Fh,0190h-01EFh \
  -AABS1=020h-07Fh,0A0h-0EFh,0110h-016Fh,0190h-01EFh -ASFR0=00h-01Fh \
  -ASFR1=080h-09Fh -ASFR2=0100h-010Fh -ASFR3=0180h-018Fh \
  -ACONFIG=02007h-02008h -DCONFIG=2 -AIDLOC=02000h-02003h -DIDLOC=2 \
  -AEEDATA=00h-0FFh/02100h -peeprom_data=EEDATA -DEEDATA=2 -DCODE=2 \
  -DSTRCODE=2 -DSTRING=2 -DCONST=2 -DENTRY=2 \
  -preset_vec=00h,intentry,init,end_init -ppowerup=CODE -pcinit=CODE \
  -pfunctab=ENTRY -k C:\Users\BRYANO~1\AppData\Local\Temp\xcAsbdc.o \
  dist/default/production\LAB3D2.X.production.o 

Object code version is 3.11

Machine type is 16F887



                Name                               Link     Load   Length Selector   Space Scale
C:\Users\BRYANO~1\AppData\Local\Temp\xcAsbdc.o
                end_init                              0        0        3        0       0
                config                             2007     2007        2        0       4
                idloc                              2000     2000        4        0       5
dist/default/production\LAB3D2.X.production.o
                cinit                               7F7      7F7        9      FEE       0
                config                             2007     2007        2        0       4
                idloc                              2000     2000        4        0       5
                text14                              40C      40C        6      818       0
                text13                              461      461       1A      8C2       0
                text12                              428      428        D      850       0
                text11                              47B      47B       20      8F6       0
                text10                              435      435       16      86A       0
                text9                               4BF      4BF       25      97E       0
                text8                               58C      58C       67      B18       0
                text7                               531      531       5B      A62       0
                text6                               4E4      4E4       4D      9C8       0
                text5                               44B      44B       16      896       0
                text4                               49B      49B       24      936       0
                text3                               418      418        7      830       0
                text2                               41F      41F        9      83E       0
                text1                               412      412        6      824       0
                maintext                            5F3      5F3      204      BE6       0
                cstackBANK0                          20       20        E       20       1
                cstackCOMMON                         70       70        E       70       1
                bssBANK0                             2E       2E        3       20       1
                strings                               3        3       13        6       0

TOTAL           Name                               Link     Load   Length     Space
        CLASS   CODE           
                end_init                              0        0        3         0
                cinit                               7F7      7F7        9         0
                text14                              40C      40C        6         0
                text13                              461      461       1A         0
                text12                              428      428        D         0
                text11                              47B      47B       20         0
                text10                              435      435       16         0
                text9                               4BF      4BF       25         0
                text8                               58C      58C       67         0
                text7                               531      531       5B         0
                text6                               4E4      4E4       4D         0
                text5                               44B      44B       16         0
                text4                               49B      49B       24         0
                text3                               418      418        7         0
                text2                               41F      41F        9         0
                text1                               412      412        6         0
                maintext                            5F3      5F3      204         0

        CLASS   STRCODE        

        CLASS   STRING         
                strings                               3        3       13         0

        CLASS   CONST          

        CLASS   ENTRY          

        CLASS   COMMON         
                cstackCOMMON                         70       70        E         1

        CLASS   BANK0          
                cstackBANK0                          20       20        E         1
                bssBANK0                             2E       2E        3         1

        CLASS   BANK1          

        CLASS   BANK2          

        CLASS   BANK3          

        CLASS   RAM            

        CLASS   ABS1           
                abs_s1                               7E       7E        2         1

        CLASS   SFR0           

        CLASS   SFR1           

        CLASS   SFR2           

        CLASS   SFR3           

        CLASS   CONFIG         
                config                             2007     2007        2         4

        CLASS   IDLOC          
                idloc                              2000     2000        4         5

        CLASS   EEDATA         

        CLASS   STACK          



SEGMENTS        Name                           Load    Length   Top    Selector   Space  Class     Delta

                reset_vec                      000000  000003  000003         0       0  CODE        2
                strings                        000003  000013  000016         6       0  STRING      2
                cstackBANK0                    000020  000011  000031        20       1  BANK0       1
                cstackCOMMON                   000070  00000E  00007E        70       1  COMMON      1
                text14                         00040C  000006  000412       818       0  CODE        2
                text1                          000412  000006  000418       824       0  CODE        2
                text3                          000418  000007  00041F       830       0  CODE        2
                text2                          00041F  000009  000428       83E       0  CODE        2
                text12                         000428  00000D  000435       850       0  CODE        2
                text10                         000435  000016  00044B       86A       0  CODE        2
                text5                          00044B  000016  000461       896       0  CODE        2
                text13                         000461  00001A  00047B       8C2       0  CODE        2
                text11                         00047B  000020  00049B       8F6       0  CODE        2
                text4                          00049B  000024  0004BF       936       0  CODE        2
                text9                          0004BF  000025  0004E4       97E       0  CODE        2
                text6                          0004E4  00004D  000531       9C8       0  CODE        2
                text7                          000531  00005B  00058C       A62       0  CODE        2
                text8                          00058C  000067  0005F3       B18       0  CODE        2
                maintext                       0005F3  000204  0007F7       BE6       0  CODE        2
                cinit                          0007F7  000009  000800       FEE       0  CODE        2


UNUSED ADDRESS RANGES

        Name                Unused          Largest block    Delta
        BANK0            0031-006F             3F           1
        BANK1            00A0-00EF             50           1
        BANK2            0110-016F             60           1
        BANK3            0190-01EF             60           1
        CODE             0016-040B            3F6           2
                         0800-1FFF            800
        CONST            0016-040B            100           2
                         0800-1FFF            100
        EEDATA           2100-21FF            100           2
        ENTRY            0016-040B            100           2
                         0800-1FFF            100
        RAM              0031-006F             3F           1
                         00A0-00EF             50
                         0110-016F             60
                         0190-01EF             60
        SFR0             0000-001F             20           1
        SFR1             0080-009F             20           1
        SFR2             0100-010F             10           1
        SFR3             0180-018F             10           1
        STRCODE          0016-040B            3F6           2
                         0800-1FFF           1800
        STRING           0016-040B            100           2
                         0800-1FFF            100

                                  Symbol Table

?___awdiv                 cstackCOMMON 0070
?___awmod                 cstackCOMMON 0079
Lcd_Cmd@a                 cstackCOMMON 0073
Lcd_Port@a                cstackCOMMON 0070
Lcd_Set_Cursor@a          cstackCOMMON 0075
Lcd_Set_Cursor@b          cstackCOMMON 0074
Lcd_Set_Cursor@temp       cstackCOMMON 0076
Lcd_Write_Char@a          cstackCOMMON 0072
Lcd_Write_String@a        cstackCOMMON 0075
Lcd_Write_String@i        cstackCOMMON 0073
_ADCON0bits               (abs)        001F
_ADCON1bits               (abs)        009F
_ADIF                     (abs)        0066
_ADRESH                   (abs)        001E
_ANSEL                    (abs)        0188
_ANSELH                   (abs)        0189
_ANSELHbits               (abs)        0189
_ANSELbits                (abs)        0188
_Lcd_Clear                text12       0428
_Lcd_Cmd                  text13       0461
_Lcd_Init                 text6        04E4
_Lcd_Port                 text14       040C
_Lcd_Set_Cursor           text11       047B
_Lcd_Write_Char           text10       0435
_Lcd_Write_String         text9        04BF
_PORTAbits                (abs)        0005
_PORTB                    (abs)        0006
_PORTBbits                (abs)        0006
_PORTCbits                (abs)        0007
_PORTD                    (abs)        0008
_PORTEbits                (abs)        0009
_RE2                      (abs)        004A
_SSPBUF                   (abs)        0013
_SSPCON                   (abs)        0014
_SSPSTAT                  (abs)        0094
_SSPSTATbits              (abs)        0094
_TRISA                    (abs)        0085
_TRISAbits                (abs)        0085
_TRISB                    (abs)        0086
_TRISBbits                (abs)        0086
_TRISC1                   (abs)        0439
_TRISC2                   (abs)        043A
_TRISC3                   (abs)        043B
_TRISC5                   (abs)        043D
_TRISD                    (abs)        0088
_TRISE                    (abs)        0089
_TRISEbits                (abs)        0089
__Habs1                   abs1         0000
__Hbank0                  bank0        0000
__Hbank1                  bank1        0000
__Hbank2                  bank2        0000
__Hbank3                  bank3        0000
__HbssBANK0               bssBANK0     0000
__Hcinit                  cinit        0800
__Hclrtext                clrtext      0000
__Hcode                   code         0000
__Hcommon                 common       0000
__Hconfig                 config       2009
__HcstackBANK0            cstackBANK0  0000
__HcstackCOMMON           cstackCOMMON 0000
__Heeprom_data            eeprom_data  0000
__Hend_init               end_init     0003
__Hfunctab                functab      0000
__Hidloc                  idloc        2004
__Hinit                   init         0000
__Hintentry               intentry     0000
__Hmaintext               maintext     0000
__Hpowerup                powerup      0000
__Hram                    ram          0000
__Hreset_vec              reset_vec    0000
__Hsfr0                   sfr0         0000
__Hsfr1                   sfr1         0000
__Hsfr2                   sfr2         0000
__Hsfr3                   sfr3         0000
__Hspace_0                (abs)        0800
__Hspace_1                (abs)        007E
__Hspace_2                (abs)        0000
__Hspace_3                (abs)        0000
__Hspace_4                (abs)        4010
__Hstack                  stack        0000
__Hstrings                strings      0000
__Htext                   text         0000
__Labs1                   abs1         0000
__Lbank0                  bank0        0000
__Lbank1                  bank1        0000
__Lbank2                  bank2        0000
__Lbank3                  bank3        0000
__LbssBANK0               bssBANK0     0000
__Lcinit                  cinit        07F7
__Lclrtext                clrtext      0000
__Lcode                   code         0000
__Lcommon                 common       0000
__Lconfig                 config       0000
__LcstackBANK0            cstackBANK0  0000
__LcstackCOMMON           cstackCOMMON 0000
__Leeprom_data            eeprom_data  0000
__Lend_init               end_init     0000
__Lfunctab                functab      0000
__Lidloc                  idloc        0000
__Linit                   init         0000
__Lintentry               intentry     0000
__Lmaintext               maintext     0000
__Lpowerup                powerup      0000
__Lram                    ram          0000
__Lreset_vec              reset_vec    0000
__Lsfr0                   sfr0         0000
__Lsfr1                   sfr1         0000
__Lsfr2                   sfr2         0000
__Lsfr3                   sfr3         0000
__Lspace_0                (abs)        0000
__Lspace_1                (abs)        0000
__Lspace_2                (abs)        0000
__Lspace_3                (abs)        0000
__Lspace_4                (abs)        0000
__Lstack                  stack        0000
__Lstrings                strings      0000
__Ltext                   text         0000
__S0                      (abs)        0800
__S1                      (abs)        007E
__S3                      (abs)        0000
___awdiv                  text8        058C
___awdiv@counter          cstackCOMMON 0075
___awdiv@dividend         cstackCOMMON 0072
___awdiv@divisor          cstackCOMMON 0070
___awdiv@quotient         cstackCOMMON 0077
___awdiv@sign             cstackCOMMON 0076
___awmod                  text7        0531
___awmod@counter          cstackBANK0  0020
___awmod@dividend         cstackCOMMON 007B
___awmod@divisor          cstackCOMMON 0079
___awmod@sign             cstackBANK0  0021
___int_sp                 stack        0000
___latbits                (abs)        0002
___sp                     stack        0000
___stackhi                (abs)        0000
___stacklo                (abs)        0000
__end_of_Lcd_Clear        text12       0435
__end_of_Lcd_Cmd          text13       047B
__end_of_Lcd_Init         text6        0531
__end_of_Lcd_Port         text14       0412
__end_of_Lcd_Set_Cursor   text11       049B
__end_of_Lcd_Write_Char   text10       044B
__end_of_Lcd_Write_String text9        04E4
__end_of___awdiv          text8        05F3
__end_of___awmod          text7        058C
__end_of__initialization  cinit        07FC
__end_of__stringtab       strings      0009
__end_of_main             maintext     07F7
__end_of_setup            text4        04BF
__end_of_spiInit          text5        0461
__end_of_spiRead          text2        0428
__end_of_spiReceiveWait   text3        041F
__end_of_spiWrite         text1        0418
__initialization          cinit        07F7
__pbssBANK0               bssBANK0     002E
__pcstackBANK0            cstackBANK0  0020
__pcstackCOMMON           cstackCOMMON 0070
__pmaintext               maintext     05F3
__pstrings                strings      0003
__ptext1                  text1        0412
__ptext10                 text10       0435
__ptext11                 text11       047B
__ptext12                 text12       0428
__ptext13                 text13       0461
__ptext14                 text14       040C
__ptext2                  text2        041F
__ptext3                  text3        0418
__ptext4                  text4        049B
__ptext5                  text5        044B
__ptext6                  text6        04E4
__ptext7                  text7        0531
__ptext8                  text8        058C
__ptext9                  text9        04BF
__stringbase              strings      0008
__stringtab               strings      0003
_adcVal                   bssBANK0     0030
_contador                 bssBANK0     002F
_main                     maintext     05F3
_setup                    text4        049B
_slave2                   bssBANK0     002E
_spiInit                  text5        044B
_spiRead                  text2        041F
_spiReceiveWait           text3        0418
_spiWrite                 text1        0412
btemp                     (abs)        007E
end_of_initialization     cinit        07FC
intlevel0                 functab      0000
intlevel1                 functab      0000
intlevel2                 functab      0000
intlevel3                 functab      0000
intlevel4                 functab      0000
intlevel5                 functab      0000
main@VOS                  cstackBANK0  002B
main@count                cstackBANK0  0028
main@voltaje              cstackBANK0  0025
reset_vec                 reset_vec    0000
spiInit@sClockIdle        cstackCOMMON 0071
spiInit@sDataSample       cstackCOMMON 0070
spiInit@sTransmitEdge     cstackCOMMON 0072
spiInit@sType             cstackCOMMON 0073
spiWrite@dat              cstackCOMMON 0070
start                     init         0000
start_initialization      cinit        07F7
wtemp0                    (abs)        007E


MODULE INFORMATION

Module		Function		Class		Link	Load	Size
C:/Users/Bryan Ortiz/Desktop/Digital2/LAB3/LAB3D2.X/Post3.c
		_main          		CODE           	05F3	0000	516
		_setup         		CODE           	049B	0000	36

C:/Users/Bryan Ortiz/Desktop/Digital2/LAB3/LAB3D2.X/Post3.c estimated size: 552

C:\Program Files\Microchip\xc8\v2.40\pic\sources\c90\common\awdiv.c
		___awdiv       		CODE           	058C	0000	103

C:\Program Files\Microchip\xc8\v2.40\pic\sources\c90\common\awdiv.c estimated size: 103

C:/Users/Bryan Ortiz/Desktop/Digital2/LAB3/LAB3D2.X/LCD8B.c
		_Lcd_Write_String		CODE           	04BF	0000	37
		_Lcd_Init      		CODE           	04E4	0000	77
		_Lcd_Write_Char		CODE           	0435	0000	22
		_Lcd_Cmd       		CODE           	0461	0000	26
		_Lcd_Set_Cursor		CODE           	047B	0000	32
		_Lcd_Clear     		CODE           	0428	0000	13
		_Lcd_Port      		CODE           	040C	0000	6

C:/Users/Bryan Ortiz/Desktop/Digital2/LAB3/LAB3D2.X/LCD8B.c estimated size: 213

shared
		__stringtab    		STRING         	0003	0000	6
		__initialization		CODE           	07F7	0000	5

shared estimated size: 11

C:/Users/Bryan Ortiz/Desktop/Digital2/LAB3/LAB3D2.X/SPI.c
		_spiWrite      		CODE           	0412	0000	6
		_spiInit       		CODE           	044B	0000	22
		_spiReceiveWait		CODE           	0418	0000	7
		_spiRead       		CODE           	041F	0000	9

C:/Users/Bryan Ortiz/Desktop/Digital2/LAB3/LAB3D2.X/SPI.c estimated size: 44

C:\Program Files\Microchip\xc8\v2.40\pic\sources\c90\common\awmod.c
		___awmod       		CODE           	0531	0000	91

C:\Program Files\Microchip\xc8\v2.40\pic\sources\c90\common\awmod.c estimated size: 91

